// Jest Snapshot v1, https://goo.gl/fbAQLP

exports[`LoginForm Login ok renders properly 1`] = `
ShallowWrapper {
  Symbol(enzyme.__root__): [Circular],
  Symbol(enzyme.__unrendered__): <LoginForm
    history=""
    location={
        Object {
            "pathname": "/logout",
          }
    }
    user={Object {}}
    userLogin={[Function]}
    userLogout={[Function]}
/>,
  Symbol(enzyme.__renderer__): Object {
    "batchedUpdates": [Function],
    "getNode": [Function],
    "render": [Function],
    "simulateError": [Function],
    "simulateEvent": [Function],
    "unmount": [Function],
  },
  Symbol(enzyme.__node__): Object {
    "instance": null,
    "key": undefined,
    "nodeType": "function",
    "props": Object {
      "children": Array [
        <section
          className="main"
>
          <form
                    onSubmit={[Function]}
          >
                    <fieldset>
                              <legend>
                                        Форма входа
                              </legend>
                              <p>
                                        <label>
                                                  <span
                                                            className="label"
                                                  >
                                                            Имя:
                                                  </span>
                                                  <input
                                                            autoComplete="off"
                                                            className="textField"
                                                            name="email"
                                                            onChange={[Function]}
                                                            type="text"
                                                            value="max@test.com"
                                                  />
                                        </label>
                              </p>
                              <p>
                                        <label>
                                                  <span
                                                            className="label"
                                                  >
                                                            Пароль:
                                                  </span>
                                                  <input
                                                            autoComplete="new-password"
                                                            className="textField"
                                                            name="password"
                                                            onChange={[Function]}
                                                            type="password"
                                                            value="12345"
                                                  />
                                        </label>
                              </p>
                              <input
                                        className="submitButton"
                                        disabled={false}
                                        type="submit"
                                        value="Вход"
                              />
                    </fieldset>
          </form>
</section>,
        undefined,
      ],
    },
    "ref": null,
    "rendered": Array [
      Object {
        "instance": null,
        "key": undefined,
        "nodeType": "host",
        "props": Object {
          "children": <form
            onSubmit={[Function]}
>
            <fieldset>
                        <legend>
                                    Форма входа
                        </legend>
                        <p>
                                    <label>
                                                <span
                                                            className="label"
                                                >
                                                            Имя:
                                                </span>
                                                <input
                                                            autoComplete="off"
                                                            className="textField"
                                                            name="email"
                                                            onChange={[Function]}
                                                            type="text"
                                                            value="max@test.com"
                                                />
                                    </label>
                        </p>
                        <p>
                                    <label>
                                                <span
                                                            className="label"
                                                >
                                                            Пароль:
                                                </span>
                                                <input
                                                            autoComplete="new-password"
                                                            className="textField"
                                                            name="password"
                                                            onChange={[Function]}
                                                            type="password"
                                                            value="12345"
                                                />
                                    </label>
                        </p>
                        <input
                                    className="submitButton"
                                    disabled={false}
                                    type="submit"
                                    value="Вход"
                        />
            </fieldset>
</form>,
          "className": "main",
        },
        "ref": null,
        "rendered": Object {
          "instance": null,
          "key": undefined,
          "nodeType": "host",
          "props": Object {
            "children": <fieldset>
              <legend>
                            Форма входа
              </legend>
              <p>
                            <label>
                                          <span
                                                        className="label"
                                          >
                                                        Имя:
                                          </span>
                                          <input
                                                        autoComplete="off"
                                                        className="textField"
                                                        name="email"
                                                        onChange={[Function]}
                                                        type="text"
                                                        value="max@test.com"
                                          />
                            </label>
              </p>
              <p>
                            <label>
                                          <span
                                                        className="label"
                                          >
                                                        Пароль:
                                          </span>
                                          <input
                                                        autoComplete="new-password"
                                                        className="textField"
                                                        name="password"
                                                        onChange={[Function]}
                                                        type="password"
                                                        value="12345"
                                          />
                            </label>
              </p>
              <input
                            className="submitButton"
                            disabled={false}
                            type="submit"
                            value="Вход"
              />
</fieldset>,
            "onSubmit": [Function],
          },
          "ref": null,
          "rendered": Object {
            "instance": null,
            "key": undefined,
            "nodeType": "host",
            "props": Object {
              "children": Array [
                <legend>
                  Форма входа
</legend>,
                <p>
                  <label>
                                    <span
                                                      className="label"
                                    >
                                                      Имя:
                                    </span>
                                    <input
                                                      autoComplete="off"
                                                      className="textField"
                                                      name="email"
                                                      onChange={[Function]}
                                                      type="text"
                                                      value="max@test.com"
                                    />
                  </label>
</p>,
                <p>
                  <label>
                                    <span
                                                      className="label"
                                    >
                                                      Пароль:
                                    </span>
                                    <input
                                                      autoComplete="new-password"
                                                      className="textField"
                                                      name="password"
                                                      onChange={[Function]}
                                                      type="password"
                                                      value="12345"
                                    />
                  </label>
</p>,
                <input
                  className="submitButton"
                  disabled={false}
                  type="submit"
                  value="Вход"
/>,
              ],
            },
            "ref": null,
            "rendered": Array [
              Object {
                "instance": null,
                "key": undefined,
                "nodeType": "host",
                "props": Object {
                  "children": "Форма входа",
                },
                "ref": null,
                "rendered": "Форма входа",
                "type": "legend",
              },
              Object {
                "instance": null,
                "key": undefined,
                "nodeType": "host",
                "props": Object {
                  "children": <label>
                    <span
                                        className="label"
                    >
                                        Имя:
                    </span>
                    <input
                                        autoComplete="off"
                                        className="textField"
                                        name="email"
                                        onChange={[Function]}
                                        type="text"
                                        value="max@test.com"
                    />
</label>,
                },
                "ref": null,
                "rendered": Object {
                  "instance": null,
                  "key": undefined,
                  "nodeType": "host",
                  "props": Object {
                    "children": Array [
                      <span
                        className="label"
>
                        Имя:
</span>,
                      <input
                        autoComplete="off"
                        className="textField"
                        name="email"
                        onChange={[Function]}
                        type="text"
                        value="max@test.com"
/>,
                    ],
                  },
                  "ref": null,
                  "rendered": Array [
                    Object {
                      "instance": null,
                      "key": undefined,
                      "nodeType": "host",
                      "props": Object {
                        "children": "Имя:",
                        "className": "label",
                      },
                      "ref": null,
                      "rendered": "Имя:",
                      "type": "span",
                    },
                    Object {
                      "instance": null,
                      "key": undefined,
                      "nodeType": "host",
                      "props": Object {
                        "autoComplete": "off",
                        "className": "textField",
                        "name": "email",
                        "onChange": [Function],
                        "type": "text",
                        "value": "max@test.com",
                      },
                      "ref": null,
                      "rendered": null,
                      "type": "input",
                    },
                  ],
                  "type": "label",
                },
                "type": "p",
              },
              Object {
                "instance": null,
                "key": undefined,
                "nodeType": "host",
                "props": Object {
                  "children": <label>
                    <span
                                        className="label"
                    >
                                        Пароль:
                    </span>
                    <input
                                        autoComplete="new-password"
                                        className="textField"
                                        name="password"
                                        onChange={[Function]}
                                        type="password"
                                        value="12345"
                    />
</label>,
                },
                "ref": null,
                "rendered": Object {
                  "instance": null,
                  "key": undefined,
                  "nodeType": "host",
                  "props": Object {
                    "children": Array [
                      <span
                        className="label"
>
                        Пароль:
</span>,
                      <input
                        autoComplete="new-password"
                        className="textField"
                        name="password"
                        onChange={[Function]}
                        type="password"
                        value="12345"
/>,
                    ],
                  },
                  "ref": null,
                  "rendered": Array [
                    Object {
                      "instance": null,
                      "key": undefined,
                      "nodeType": "host",
                      "props": Object {
                        "children": "Пароль:",
                        "className": "label",
                      },
                      "ref": null,
                      "rendered": "Пароль:",
                      "type": "span",
                    },
                    Object {
                      "instance": null,
                      "key": undefined,
                      "nodeType": "host",
                      "props": Object {
                        "autoComplete": "new-password",
                        "className": "textField",
                        "name": "password",
                        "onChange": [Function],
                        "type": "password",
                        "value": "12345",
                      },
                      "ref": null,
                      "rendered": null,
                      "type": "input",
                    },
                  ],
                  "type": "label",
                },
                "type": "p",
              },
              Object {
                "instance": null,
                "key": undefined,
                "nodeType": "host",
                "props": Object {
                  "className": "submitButton",
                  "disabled": false,
                  "type": "submit",
                  "value": "Вход",
                },
                "ref": null,
                "rendered": null,
                "type": "input",
              },
            ],
            "type": "fieldset",
          },
          "type": "form",
        },
        "type": "section",
      },
      undefined,
    ],
    "type": Symbol(react.fragment),
  },
  Symbol(enzyme.__nodes__): Array [
    Object {
      "instance": null,
      "key": undefined,
      "nodeType": "function",
      "props": Object {
        "children": Array [
          <section
            className="main"
>
            <form
                        onSubmit={[Function]}
            >
                        <fieldset>
                                    <legend>
                                                Форма входа
                                    </legend>
                                    <p>
                                                <label>
                                                            <span
                                                                        className="label"
                                                            >
                                                                        Имя:
                                                            </span>
                                                            <input
                                                                        autoComplete="off"
                                                                        className="textField"
                                                                        name="email"
                                                                        onChange={[Function]}
                                                                        type="text"
                                                                        value="max@test.com"
                                                            />
                                                </label>
                                    </p>
                                    <p>
                                                <label>
                                                            <span
                                                                        className="label"
                                                            >
                                                                        Пароль:
                                                            </span>
                                                            <input
                                                                        autoComplete="new-password"
                                                                        className="textField"
                                                                        name="password"
                                                                        onChange={[Function]}
                                                                        type="password"
                                                                        value="12345"
                                                            />
                                                </label>
                                    </p>
                                    <input
                                                className="submitButton"
                                                disabled={false}
                                                type="submit"
                                                value="Вход"
                                    />
                        </fieldset>
            </form>
</section>,
          undefined,
        ],
      },
      "ref": null,
      "rendered": Array [
        Object {
          "instance": null,
          "key": undefined,
          "nodeType": "host",
          "props": Object {
            "children": <form
              onSubmit={[Function]}
>
              <fieldset>
                            <legend>
                                          Форма входа
                            </legend>
                            <p>
                                          <label>
                                                        <span
                                                                      className="label"
                                                        >
                                                                      Имя:
                                                        </span>
                                                        <input
                                                                      autoComplete="off"
                                                                      className="textField"
                                                                      name="email"
                                                                      onChange={[Function]}
                                                                      type="text"
                                                                      value="max@test.com"
                                                        />
                                          </label>
                            </p>
                            <p>
                                          <label>
                                                        <span
                                                                      className="label"
                                                        >
                                                                      Пароль:
                                                        </span>
                                                        <input
                                                                      autoComplete="new-password"
                                                                      className="textField"
                                                                      name="password"
                                                                      onChange={[Function]}
                                                                      type="password"
                                                                      value="12345"
                                                        />
                                          </label>
                            </p>
                            <input
                                          className="submitButton"
                                          disabled={false}
                                          type="submit"
                                          value="Вход"
                            />
              </fieldset>
</form>,
            "className": "main",
          },
          "ref": null,
          "rendered": Object {
            "instance": null,
            "key": undefined,
            "nodeType": "host",
            "props": Object {
              "children": <fieldset>
                <legend>
                                Форма входа
                </legend>
                <p>
                                <label>
                                                <span
                                                                className="label"
                                                >
                                                                Имя:
                                                </span>
                                                <input
                                                                autoComplete="off"
                                                                className="textField"
                                                                name="email"
                                                                onChange={[Function]}
                                                                type="text"
                                                                value="max@test.com"
                                                />
                                </label>
                </p>
                <p>
                                <label>
                                                <span
                                                                className="label"
                                                >
                                                                Пароль:
                                                </span>
                                                <input
                                                                autoComplete="new-password"
                                                                className="textField"
                                                                name="password"
                                                                onChange={[Function]}
                                                                type="password"
                                                                value="12345"
                                                />
                                </label>
                </p>
                <input
                                className="submitButton"
                                disabled={false}
                                type="submit"
                                value="Вход"
                />
</fieldset>,
              "onSubmit": [Function],
            },
            "ref": null,
            "rendered": Object {
              "instance": null,
              "key": undefined,
              "nodeType": "host",
              "props": Object {
                "children": Array [
                  <legend>
                    Форма входа
</legend>,
                  <p>
                    <label>
                                        <span
                                                            className="label"
                                        >
                                                            Имя:
                                        </span>
                                        <input
                                                            autoComplete="off"
                                                            className="textField"
                                                            name="email"
                                                            onChange={[Function]}
                                                            type="text"
                                                            value="max@test.com"
                                        />
                    </label>
</p>,
                  <p>
                    <label>
                                        <span
                                                            className="label"
                                        >
                                                            Пароль:
                                        </span>
                                        <input
                                                            autoComplete="new-password"
                                                            className="textField"
                                                            name="password"
                                                            onChange={[Function]}
                                                            type="password"
                                                            value="12345"
                                        />
                    </label>
</p>,
                  <input
                    className="submitButton"
                    disabled={false}
                    type="submit"
                    value="Вход"
/>,
                ],
              },
              "ref": null,
              "rendered": Array [
                Object {
                  "instance": null,
                  "key": undefined,
                  "nodeType": "host",
                  "props": Object {
                    "children": "Форма входа",
                  },
                  "ref": null,
                  "rendered": "Форма входа",
                  "type": "legend",
                },
                Object {
                  "instance": null,
                  "key": undefined,
                  "nodeType": "host",
                  "props": Object {
                    "children": <label>
                      <span
                                            className="label"
                      >
                                            Имя:
                      </span>
                      <input
                                            autoComplete="off"
                                            className="textField"
                                            name="email"
                                            onChange={[Function]}
                                            type="text"
                                            value="max@test.com"
                      />
</label>,
                  },
                  "ref": null,
                  "rendered": Object {
                    "instance": null,
                    "key": undefined,
                    "nodeType": "host",
                    "props": Object {
                      "children": Array [
                        <span
                          className="label"
>
                          Имя:
</span>,
                        <input
                          autoComplete="off"
                          className="textField"
                          name="email"
                          onChange={[Function]}
                          type="text"
                          value="max@test.com"
/>,
                      ],
                    },
                    "ref": null,
                    "rendered": Array [
                      Object {
                        "instance": null,
                        "key": undefined,
                        "nodeType": "host",
                        "props": Object {
                          "children": "Имя:",
                          "className": "label",
                        },
                        "ref": null,
                        "rendered": "Имя:",
                        "type": "span",
                      },
                      Object {
                        "instance": null,
                        "key": undefined,
                        "nodeType": "host",
                        "props": Object {
                          "autoComplete": "off",
                          "className": "textField",
                          "name": "email",
                          "onChange": [Function],
                          "type": "text",
                          "value": "max@test.com",
                        },
                        "ref": null,
                        "rendered": null,
                        "type": "input",
                      },
                    ],
                    "type": "label",
                  },
                  "type": "p",
                },
                Object {
                  "instance": null,
                  "key": undefined,
                  "nodeType": "host",
                  "props": Object {
                    "children": <label>
                      <span
                                            className="label"
                      >
                                            Пароль:
                      </span>
                      <input
                                            autoComplete="new-password"
                                            className="textField"
                                            name="password"
                                            onChange={[Function]}
                                            type="password"
                                            value="12345"
                      />
</label>,
                  },
                  "ref": null,
                  "rendered": Object {
                    "instance": null,
                    "key": undefined,
                    "nodeType": "host",
                    "props": Object {
                      "children": Array [
                        <span
                          className="label"
>
                          Пароль:
</span>,
                        <input
                          autoComplete="new-password"
                          className="textField"
                          name="password"
                          onChange={[Function]}
                          type="password"
                          value="12345"
/>,
                      ],
                    },
                    "ref": null,
                    "rendered": Array [
                      Object {
                        "instance": null,
                        "key": undefined,
                        "nodeType": "host",
                        "props": Object {
                          "children": "Пароль:",
                          "className": "label",
                        },
                        "ref": null,
                        "rendered": "Пароль:",
                        "type": "span",
                      },
                      Object {
                        "instance": null,
                        "key": undefined,
                        "nodeType": "host",
                        "props": Object {
                          "autoComplete": "new-password",
                          "className": "textField",
                          "name": "password",
                          "onChange": [Function],
                          "type": "password",
                          "value": "12345",
                        },
                        "ref": null,
                        "rendered": null,
                        "type": "input",
                      },
                    ],
                    "type": "label",
                  },
                  "type": "p",
                },
                Object {
                  "instance": null,
                  "key": undefined,
                  "nodeType": "host",
                  "props": Object {
                    "className": "submitButton",
                    "disabled": false,
                    "type": "submit",
                    "value": "Вход",
                  },
                  "ref": null,
                  "rendered": null,
                  "type": "input",
                },
              ],
              "type": "fieldset",
            },
            "type": "form",
          },
          "type": "section",
        },
        undefined,
      ],
      "type": Symbol(react.fragment),
    },
  ],
  Symbol(enzyme.__options__): Object {
    "adapter": ReactSixteenAdapter {
      "options": Object {
        "enableComponentDidUpdateOnSetState": true,
        "lifecycles": Object {
          "componentDidUpdate": Object {
            "onSetState": true,
          },
          "getDerivedStateFromProps": true,
          "getSnapshotBeforeUpdate": true,
          "setState": Object {
            "skipsComponentDidUpdateOnNullish": true,
          },
        },
      },
    },
    "attachTo": undefined,
    "hydrateIn": undefined,
  },
}
`;
